ERROR: Repository not found.
fatal: Could not read from remote repository.

Please make sure you have the correct access rights
and the repository exists.
---pages branch sample---
28a1687eeebff5f6470910b1012776f6cb3bab3f	refs/heads/gh-pages
b7050714183b881cd3a86d490ed8d76152b827e1	refs/heads/main
2adae47e4b3a2167534c93fa574349a463855143	refs/tags/Stable
45c7f9e4d775907914991b8564598bf74c638ee8	refs/tags/archive/regression
8607b5b22cf317f8a1b7c667b0a66ca42c730ab5	refs/tags/v3.0.0
1460b64050e4e271b240bd9f0e203239ea98e3f4	refs/tags/v3.0.0^{}
508737d3db60e5b7a8493248e7470a8960877f0f	refs/tags/v3.1.0
a190821ea9dae5ec2c98d5b849b8a46bdb753509	refs/tags/v3.1.0^{}
---workspace---
total 16
drwxrwxr-x  4 ubuntu ubuntu 4096 Sep 14 16:28 .
drwxr-x--- 14 ubuntu ubuntu 4096 Sep 16 22:44 ..
drwxrwxr-x  4 ubuntu ubuntu 4096 Sep 14 18:17 EyeWarn-ext
drwxrwxr-x 13 ubuntu ubuntu 4096 Sep 16 13:52 UKRIXAI
---session dir---
total 896
drwx------ 3 ubuntu ubuntu   4096 Sep 16 23:53 .
drwx------ 6 ubuntu ubuntu   4096 Sep 16 23:50 ..
-rw-rw-r-- 1 ubuntu ubuntu    636 Sep 16 23:48 announcement_state.json
-rw-rw-r-- 1 ubuntu ubuntu 271256 Sep 16 23:53 chat_history.jsonl
-rw-rw-r-- 1 ubuntu ubuntu      0 Sep 16 23:48 chat_history.jsonl.lock
-rw-rw-r-- 1 ubuntu ubuntu  54522 Sep 16 23:53 events.jsonl
-rw-rw-r-- 1 ubuntu ubuntu    624 Sep 16 23:50 prompt_context.json
-rw-rw-r-- 1 ubuntu ubuntu   2218 Sep 16 23:53 resources_state.json
-rw-rw-r-- 1 ubuntu ubuntu   1602 Sep 16 23:49 signals.json
-rw-rw-r-- 1 ubuntu ubuntu    815 Sep 16 23:53 summary.json
-rw-rw-r-- 1 ubuntu ubuntu      0 Sep 16 23:42 summary.json.lock
-rw-rw-r-- 1 ubuntu ubuntu   5900 Sep 16 23:50 system_prompt.txt
drwxrwxr-x 2 ubuntu ubuntu   4096 Sep 16 23:53 terminal
-rw-rw-r-- 1 ubuntu ubuntu      1 Sep 16 23:42 title_refresh_idx
-rw-rw-r-- 1 ubuntu ubuntu  60513 Sep 16 23:52 tool_definitions.json
-rw-rw-r-- 1 ubuntu ubuntu 475704 Sep 16 23:53 updates.jsonl
-rw-rw-r-- 1 ubuntu ubuntu      0 Sep 16 23:48 updates.jsonl.lock
---current session id from grok---
01a0a0b4-5e3a-7ff3-a8d2-b0f43d332c70
01a0ac95-78b6-7e61-b547-9d7fa7bb8dcc
01a0ac99-8e59-7441-9d61-a9124ffce4c6
01a0aca1-3e01-7361-8763-8a0f1f321eab
prompt_history.jsonl
