ENV=developer PREFIX=/home/ubuntu/miniforge3/envs/developer
python= gh=missing
Fetch Shard Index for conda-forge/linux-aarch64                                                 ⧖ Starting
Fetch Shard Index for conda-forge/linux-aarch64                                           ✔ Done (0.0 sec)
Fetch Shard Index for conda-forge/noarch                                                        ⧖ Starting
Fetch Shard Index for conda-forge/noarch                                                  ✔ Done (0.1 sec)
Fetching and Parsing Packages' Shards                                                           ⧖ Starting
Fetching and Parsing Packages' Shards                                                     ✔ Done (0.0 sec)
Using Cached Shard Index for conda-forge/noarch                                                     ✔ Done
Using Cached Shard Index for conda-forge/linux-aarch64                                              ✔ Done
Fetching and Parsing Packages' Shards                                                           ⧖ Starting
Fetching and Parsing Packages' Shards                                                     ✔ Done (0.0 sec)
Using Flat Repodata for conda-forge/noarch                                                      ✔ Starting
Using Flat Repodata for conda-forge/noarch                                                ✔ Done (5.7 sec)
Parsing Packages' Records                                                                 ✔ Done (5.7 sec)

Resolving Environment                                                                           ⧖ Starting
Resolving Environment                                                                     ✔ Done (0.0 sec)

Transaction

  Prefix: /home/ubuntu/miniforge3/envs/developer

  Updating specs:

   - gh


  Package  Version  Build       Channel         Size
──────────────────────────────────────────────────────
  Install:
──────────────────────────────────────────────────────

  + gh     2.101.0  h22914b5_0  conda-forge     13MB

  Summary:

  Install: 1 packages

  Total download: 13MB

──────────────────────────────────────────────────────


warning  libmamba Security Warning: This transaction includes executing package scripts (pre/post-link/unlink) if present. These scripts can contain arbitrary code. Please ensure you trust the package sources.

Transaction starting
Linking gh-2.101.0-h22914b5_0

Transaction finished

gh now: /home/ubuntu/miniforge3/envs/developer/bin/gh
gh version 2.101.0
https://github.com/cli/cli/releases/tag/v2.101.0
You are not logged into any GitHub hosts. To log in, run: gh auth login
