=== remote config ===
origin	git@github.com:HAISymbiosis/EBD-AI.git (fetch)
origin	git@github.com:HAISymbiosis/EBD-AI.git (push)
upstream	git@github.com:Fuminides/ex-fuzzy.git (fetch)
upstream	git@github.com:Fuminides/ex-fuzzy.git (push)
remote.origin.url git@github.com:HAISymbiosis/EBD-AI.git
remote.origin.tagopt --no-tags
remote.origin.fetch +refs/*:refs/*
remote.origin.mirror true
=== pushing heads and tags ===
To github.com:HAISymbiosis/EBD-AI.git
 * [new branch]      chore/public-repository-cleanup -> chore/public-repository-cleanup
 * [new branch]      chore/repository-sanitization -> chore/repository-sanitization
 * [new branch]      feat/evox-gpu-support -> feat/evox-gpu-support
 * [new branch]      fix/categorical-detection-and-partition-validation -> fix/categorical-detection-and-partition-validation
 * [new branch]      fix/pattern-stability-empty-pie -> fix/pattern-stability-empty-pie
 * [new branch]      fix/python39-pymoo-install -> fix/python39-pymoo-install
 * [new branch]      frc-association-rules -> frc-association-rules
 * [new branch]      gh-pages -> gh-pages
 * [new branch]      main -> main
 * [new branch]      speed-ups -> speed-ups
 * [new tag]         Stable -> Stable
 * [new tag]         archive/regression -> archive/regression
 * [new tag]         v3.0.0 -> v3.0.0
 * [new tag]         v3.1.0 -> v3.1.0
=== dest refs after mirror push ===
51f324a6517232ec5c1a0c8e50189d51fc2cb64e	refs/heads/chore/public-repository-cleanup
2e5aab0b6ac3f2a9c521fe22f297715ab07eeb9e	refs/heads/chore/repository-sanitization
c7351c1e89b7b7e439c6dce61a0d67096b247268	refs/heads/feat/evox-gpu-support
a320e3cb6cc8f880ab351f953500e9e0dabcdcfa	refs/heads/fix/categorical-detection-and-partition-validation
0c0da3b716ba63699b1967eca5405e16a76ffd02	refs/heads/fix/pattern-stability-empty-pie
a34f077f193ed1c1fb9bbe47a6511277f404d3d4	refs/heads/fix/python39-pymoo-install
d10f6d838b25b34eec758f8fcde94b3acc6de96a	refs/heads/frc-association-rules
28a1687eeebff5f6470910b1012776f6cb3bab3f	refs/heads/gh-pages
b7050714183b881cd3a86d490ed8d76152b827e1	refs/heads/main
4390ab0194e66ab46b2c7999efb044a6dd905e0c	refs/heads/speed-ups
2adae47e4b3a2167534c93fa574349a463855143	refs/tags/Stable
45c7f9e4d775907914991b8564598bf74c638ee8	refs/tags/archive/regression
8607b5b22cf317f8a1b7c667b0a66ca42c730ab5	refs/tags/v3.0.0
1460b64050e4e271b240bd9f0e203239ea98e3f4	refs/tags/v3.0.0^{}
508737d3db60e5b7a8493248e7470a8960877f0f	refs/tags/v3.1.0
a190821ea9dae5ec2c98d5b849b8a46bdb753509	refs/tags/v3.1.0^{}
